// Jest Snapshot v1, https://goo.gl/fbAQLP

exports[`fullStory fullStory component should match loading snapshot 1`] = `ShallowWrapper {}`;

exports[`fullStory fullStory component should match snapshot 1`] = `ShallowWrapper {}`;
